// Jest Snapshot v1, https://goo.gl/fbAQLP

exports[`App renders without crashing 1`] = `
<Provider
  store={
    Object {
      "dispatch": [Function],
      "getState": [Function],
      "replaceReducer": [Function],
      "subscribe": [Function],
      Symbol(observable): [Function],
    }
  }
>
  <ThemeProvider
    theme={
      Object {
        "colors": Object {
          "blue10": "#0bc7dc",
          "grey10": "#273341",
          "grey20": "#1d2730",
          "grey30": "#171e28",
          "grey40": "#121a22",
        },
      }
    }
  >
    <GlobalStyleComponent />
    <Connect(Content) />
  </ThemeProvider>
</Provider>
`;
